---
##01.01: InstrApply [apply -f -] template.yaml
primordial:
  name: "Chaos"
  offspring: "Erebos,Nyx,Aether,Hemera"
