---
##01.01: InstrApply [apply -f -] namespace.yaml
apiVersion: v1
kind: Namespace
metadata:
  name: example
  labels:
    openpolicyagent.org/webhook: ignore


---
##02.01: InstrApply [apply -f -] ingress-nginx-shared.yaml
# This file contains resources shared between multiple ingress-nginx instances.
# 
# Parameters:
#   gitops -

apiVersion: rbac.authorization.k8s.io/v1beta1
kind: ClusterRole
metadata:
  name: nginx-ingress-clusterrole
  labels:
    app.kubernetes.io/name: ingress-nginx
    app.kubernetes.io/part-of: ingress-nginx
    mmlt.nl/gitops: k8s-clusters-addons.test
rules:
  - apiGroups:
      - ""
    resources:
      - configmaps
      - endpoints
      - nodes
      - pods
      - secrets
    verbs:
      - list
      - watch
  - apiGroups:
      - ""
    resources:
      - nodes
    verbs:
      - get
  - apiGroups:
      - ""
    resources:
      - services
    verbs:
      - get
      - list
      - watch
  - apiGroups:
      - "extensions"
    resources:
      - ingresses
    verbs:
      - get
      - list
      - watch
  - apiGroups:
      - ""
    resources:
      - events
    verbs:
      - create
      - patch
  - apiGroups:
      - "extensions"
    resources:
      - ingresses/status
    verbs:
      - update

---
##02.02: InstrApply [apply -f -] ingress-nginx-shared.yaml
apiVersion: policy/v1beta1
kind: PodSecurityPolicy
metadata:
  name: nginx-ingress 
  labels:
    app.kubernetes.io/name: ingress-nginx
    app.kubernetes.io/part-of: ingress-nginx
    mmlt.nl/gitops: k8s-clusters-addons.test
spec:
  allowedCapabilities:
    - NET_BIND_SERVICE
  privileged: false
  allowPrivilegeEscalation: true
  volumes:
    - 'configMap'
    #- 'emptyDir'
    #- 'projected'
    - 'secret'
    #- 'downwardAPI'
  hostNetwork: false
  hostIPC: false
  hostPID: false
  runAsUser:
    rule: 'MustRunAsNonRoot'
  supplementalGroups:
    rule: 'MustRunAs'
    ranges:
      - min: 1
        max: 65535
  fsGroup:
    rule: 'MustRunAs'
    ranges:
      - min: 1
        max: 65535
  readOnlyRootFilesystem: false
  seLinux:
    rule: 'RunAsAny'
  hostPorts:
    - max: 65535
      min: 1

