---
##01.01: InstrApply [apply -f -] vault-template.yaml
The secret called "secret-txt" contains supersecret

While "secret-json" contains user=superman password=supersecret
